Godot Engine v4.6.1.stable.mono.official.14d19694e - https://godotengine.org

ERROR: Failed to read the root certificate store.
   at: get_system_ca_certificates (platform/windows/os_windows.cpp:2570)
[Theme] 字体：EBGaramond.ttf（fallback NotoSerifSC-Regular.otf）⇒ 已接（`§13.4①`）　✅ 中文覆盖（`HasChar('黑')` = true）
[Theme] 标题字重：已接 NotoSerifSC-Bold.otf（type variation `TitleLabel`，字号 18）
[UI 骨架] ✅ 主菜单采用骨架 `res://scenes/ui/main_menu.tscn`（**编辑器里可编辑**）✓
[MainMenuRoot] 解锁阈值表：4 条　起手可用上限 8（硬上限 12）　征途进度：已完成出征 0 趟（已胜 0 场）　已解锁 0 项［］　名册当前可用上限 8（硬上限 12）　Curio 可用 4 种
[启动自检·调色板] ✅ `UiPalette.Default()` 与 `res://resources/theme/ui_palette.tres` **逐字段一致**（33 项）⇒ 两视图未分叉（`#325` D6）
[MainMenuRoot] --hamlet ⇒ 直达回城（冒烟路径：启动 到 回城）
[UI 骨架] ✅ 主城采用骨架 `res://scenes/ui/hamlet_skeleton.tscn`（**编辑器里可编辑**）✓
[UI 骨架] ⚠️ 主城骨架缺少必需节点（编辑器改动所致）⇒ 回落代码构建（不崩、不静默）✓
[HamletRoot] 城池建筑：已解锁 1 ／ 3（起手只有 Stage Coach；已完成出征 0 趟）
[UI 模板] 名册行使用模板场景（**编辑器里可编辑**）✓
[UI 占位英雄] ✅ portrait 用占位：`res://assets/heroes_placeholder/placeholder_pw/portrait.png`（**只从 PlaceholderRoot 读**；`placeholder=True`）✓
[UI 模板] 名册行使用模板场景（**编辑器里可编辑**）✓
[UI 模板] 名册行使用模板场景（**编辑器里可编辑**）✓
[UI 模板] 名册行使用模板场景（**编辑器里可编辑**）✓
[UI 模板] 名册行使用模板场景（**编辑器里可编辑**）✓
[UI 模板] 名册行使用模板场景（**编辑器里可编辑**）✓
[UI 模板] 名册行使用模板场景（**编辑器里可编辑**）✓
[UI 模板] 名册行使用模板场景（**编辑器里可编辑**）✓
[HamletRoot] 回城就绪：金钱 0（跨趟持有；减压一次 3）　名册 8 人（士气跨趟；最低 40）
[UI 判据] Hamlet 第 1 次：布局判据（Hamlet）（全界面）：可见 Label 23 个 ／ Panel+PC 20 个　重叠对 0 ／ 透明框 0　=> ✅ 通过
  ｜口径：无覆盖层 ⇒ 审全场景　全场景：可见 Label 23 ／ Panel+PC 20　（范围外无控件）　跳过瞬态元素 0 个（`MotionLayer` 口径例外，按设计会短暂叠放）　相机 1280×720（**项目真实视口**）越界控件 0 个（实际矩形口径，含 headless 填满视口的噪声）　帧=24　🔴 **内容需求超出相机 0 个**（全部装得下 ✅）（全部落在可视区内 ✅）
[UI 判据] Hamlet 第 2 次：布局判据（Hamlet）（全界面）：可见 Label 23 个 ／ Panel+PC 20 个　重叠对 0 ／ 透明框 0　=> ✅ 通过
  ｜口径：无覆盖层 ⇒ 审全场景　全场景：可见 Label 23 ／ Panel+PC 20　（范围外无控件）　跳过瞬态元素 0 个（`MotionLayer` 口径例外，按设计会短暂叠放）　相机 1280×720（**项目真实视口**）越界控件 0 个（实际矩形口径，含 headless 填满视口的噪声）　帧=48　🔴 **内容需求超出相机 0 个**（全部装得下 ✅）（全部落在可视区内 ✅）
[UI 判据] Hamlet 第 3 次：布局判据（Hamlet）（全界面）：可见 Label 23 个 ／ Panel+PC 20 个　重叠对 0 ／ 透明框 0　=> ✅ 通过
  ｜口径：无覆盖层 ⇒ 审全场景　全场景：可见 Label 23 ／ Panel+PC 20　（范围外无控件）　跳过瞬态元素 0 个（`MotionLayer` 口径例外，按设计会短暂叠放）　相机 1280×720（**项目真实视口**）越界控件 0 个（实际矩形口径，含 headless 填满视口的噪声）　帧=72　🔴 **内容需求超出相机 0 个**（全部装得下 ✅）（全部落在可视区内 ✅）
[UI 判据] Hamlet 第 4 次：布局判据（Hamlet）（全界面）：可见 Label 23 个 ／ Panel+PC 20 个　重叠对 0 ／ 透明框 0　=> ✅ 通过
  ｜口径：无覆盖层 ⇒ 审全场景　全场景：可见 Label 23 ／ Panel+PC 20　（范围外无控件）　跳过瞬态元素 0 个（`MotionLayer` 口径例外，按设计会短暂叠放）　相机 1280×720（**项目真实视口**）越界控件 0 个（实际矩形口径，含 headless 填满视口的噪声）　帧=96　🔴 **内容需求超出相机 0 个**（全部装得下 ✅）（全部落在可视区内 ✅）
[UI 判据] Hamlet 第 5 次：布局判据（Hamlet）（全界面）：可见 Label 23 个 ／ Panel+PC 20 个　重叠对 0 ／ 透明框 0　=> ✅ 通过
  ｜口径：无覆盖层 ⇒ 审全场景　全场景：可见 Label 23 ／ Panel+PC 20　（范围外无控件）　跳过瞬态元素 0 个（`MotionLayer` 口径例外，按设计会短暂叠放）　相机 1280×720（**项目真实视口**）越界控件 0 个（实际矩形口径，含 headless 填满视口的噪声）　帧=120　🔴 **内容需求超出相机 0 个**（全部装得下 ✅）（全部落在可视区内 ✅）
[UI 判据] Hamlet 结论（以最后一次为准）：✅ 两条判据通过
[UI 判据] Hamlet 第 6 次：布局判据（Hamlet）（全界面）：可见 Label 23 个 ／ Panel+PC 20 个　重叠对 0 ／ 透明框 0　=> ✅ 通过
  ｜口径：无覆盖层 ⇒ 审全场景　全场景：可见 Label 23 ／ Panel+PC 20　（范围外无控件）　跳过瞬态元素 0 个（`MotionLayer` 口径例外，按设计会短暂叠放）　相机 1280×720（**项目真实视口**）越界控件 0 个（实际矩形口径，含 headless 填满视口的噪声）　帧=144　🔴 **内容需求超出相机 0 个**（全部装得下 ✅）（全部落在可视区内 ✅）
[UI 判据] Hamlet 第 7 次：布局判据（Hamlet）（全界面）：可见 Label 23 个 ／ Panel+PC 20 个　重叠对 0 ／ 透明框 0　=> ✅ 通过
  ｜口径：无覆盖层 ⇒ 审全场景　全场景：可见 Label 23 ／ Panel+PC 20　（范围外无控件）　跳过瞬态元素 0 个（`MotionLayer` 口径例外，按设计会短暂叠放）　相机 1280×720（**项目真实视口**）越界控件 0 个（实际矩形口径，含 headless 填满视口的噪声）　帧=168　🔴 **内容需求超出相机 0 个**（全部装得下 ✅）（全部落在可视区内 ✅）
[UI 判据] Hamlet 第 8 次：布局判据（Hamlet）（全界面）：可见 Label 23 个 ／ Panel+PC 20 个　重叠对 0 ／ 透明框 0　=> ✅ 通过
  ｜口径：无覆盖层 ⇒ 审全场景　全场景：可见 Label 23 ／ Panel+PC 20　（范围外无控件）　跳过瞬态元素 0 个（`MotionLayer` 口径例外，按设计会短暂叠放）　相机 1280×720（**项目真实视口**）越界控件 0 个（实际矩形口径，含 headless 填满视口的噪声）　帧=192　🔴 **内容需求超出相机 0 个**（全部装得下 ✅）（全部落在可视区内 ✅）
[UI 判据] Hamlet 第 9 次：布局判据（Hamlet）（全界面）：可见 Label 23 个 ／ Panel+PC 20 个　重叠对 0 ／ 透明框 0　=> ✅ 通过
  ｜口径：无覆盖层 ⇒ 审全场景　全场景：可见 Label 23 ／ Panel+PC 20　（范围外无控件）　跳过瞬态元素 0 个（`MotionLayer` 口径例外，按设计会短暂叠放）　相机 1280×720（**项目真实视口**）越界控件 0 个（实际矩形口径，含 headless 填满视口的噪声）　帧=216　🔴 **内容需求超出相机 0 个**（全部装得下 ✅）（全部落在可视区内 ✅）
[UI 判据] Hamlet 第 10 次：布局判据（Hamlet）（全界面）：可见 Label 23 个 ／ Panel+PC 20 个　重叠对 0 ／ 透明框 0　=> ✅ 通过
  ｜口径：无覆盖层 ⇒ 审全场景　全场景：可见 Label 23 ／ Panel+PC 20　（范围外无控件）　跳过瞬态元素 0 个（`MotionLayer` 口径例外，按设计会短暂叠放）　相机 1280×720（**项目真实视口**）越界控件 0 个（实际矩形口径，含 headless 填满视口的噪声）　帧=240　🔴 **内容需求超出相机 0 个**（全部装得下 ✅）（全部落在可视区内 ✅）
WARNING: 26 RIDs of type "CanvasItem" were leaked.
   at: _free_rids (servers/rendering/renderer_canvas_cull.cpp:2692)
ERROR: 7 RID allocations of type 'PN13RendererDummy14TextureStorage12DummyTextureE' were leaked at exit.
ERROR: 22 RID allocations of type 'PN18TextServerAdvanced22ShapedTextDataAdvancedE' were leaked at exit.
ERROR: 4 RID allocations of type 'PN18TextServerAdvanced12FontAdvancedE' were leaked at exit.
WARNING: ObjectDB instances leaked at exit (run with --verbose for details).
   at: cleanup (core/object/object.cpp:2641)
ERROR: 14 resources still in use at exit (run with --verbose for details).
   at: clear (core/io/resource.cpp:810)
